// Jest Snapshot v1, https://goo.gl/fbAQLP

exports[`Testing page deployment Rocket components matches snapshot 1`] = `
Object {
  "asFragment": [Function],
  "baseElement": <body>
    <div>
      <div>
        <li
          class="rocketItem"
          id="flex"
        >
          <img
            alt="Girl in a jacket"
            height="250"
            src=""
            width="250"
          />
          <div
            class="rocketRight"
            id="flex"
          >
            <h2 />
            <div
              class="spanText"
              id="flex"
            >
              <span
                class="inactive"
              >
                reserved
              </span>
              <p />
            </div>
            <button
              class="cancel"
              id=""
              type="button"
            >
              Reserve Rocket
            </button>
          </div>
        </li>
      </div>
    </div>
  </body>,
  "container": <div>
    <div>
      <li
        class="rocketItem"
        id="flex"
      >
        <img
          alt="Girl in a jacket"
          height="250"
          src=""
          width="250"
        />
        <div
          class="rocketRight"
          id="flex"
        >
          <h2 />
          <div
            class="spanText"
            id="flex"
          >
            <span
              class="inactive"
            >
              reserved
            </span>
            <p />
          </div>
          <button
            class="cancel"
            id=""
            type="button"
          >
            Reserve Rocket
          </button>
        </div>
      </li>
    </div>
  </div>,
  "debug": [Function],
  "findAllByAltText": [Function],
  "findAllByDisplayValue": [Function],
  "findAllByLabelText": [Function],
  "findAllByPlaceholderText": [Function],
  "findAllByRole": [Function],
  "findAllByTestId": [Function],
  "findAllByText": [Function],
  "findAllByTitle": [Function],
  "findByAltText": [Function],
  "findByDisplayValue": [Function],
  "findByLabelText": [Function],
  "findByPlaceholderText": [Function],
  "findByRole": [Function],
  "findByTestId": [Function],
  "findByText": [Function],
  "findByTitle": [Function],
  "getAllByAltText": [Function],
  "getAllByDisplayValue": [Function],
  "getAllByLabelText": [Function],
  "getAllByPlaceholderText": [Function],
  "getAllByRole": [Function],
  "getAllByTestId": [Function],
  "getAllByText": [Function],
  "getAllByTitle": [Function],
  "getByAltText": [Function],
  "getByDisplayValue": [Function],
  "getByLabelText": [Function],
  "getByPlaceholderText": [Function],
  "getByRole": [Function],
  "getByTestId": [Function],
  "getByText": [Function],
  "getByTitle": [Function],
  "queryAllByAltText": [Function],
  "queryAllByDisplayValue": [Function],
  "queryAllByLabelText": [Function],
  "queryAllByPlaceholderText": [Function],
  "queryAllByRole": [Function],
  "queryAllByTestId": [Function],
  "queryAllByText": [Function],
  "queryAllByTitle": [Function],
  "queryByAltText": [Function],
  "queryByDisplayValue": [Function],
  "queryByLabelText": [Function],
  "queryByPlaceholderText": [Function],
  "queryByRole": [Function],
  "queryByTestId": [Function],
  "queryByText": [Function],
  "queryByTitle": [Function],
  "rerender": [Function],
  "unmount": [Function],
}
`;
